dinitctl: error loading service (or dependency of service).
dinitctl: try 'dinitcheck <service-name>' or check log for more information.
